{"operation":"withoutAfterMoveRescue","destinations":[["e1",["f1"]],["h1",["f1"]],["d3",["f1"]]],"ms":50.235833}
{"from":"e1","to":"f1","rescued":false,"moves":1,"ms":96.92462499999999}
{"from":"e1","to":"d1","rescued":true,"moves":2,"ms":850.722583}
{"from":"e1","to":"e2","rescued":true,"moves":3,"ms":1573.704833}
{"from":"e1","to":"f2","rescued":true,"moves":4,"ms":2273.4219580000004}
{"from":"h1","to":"f1","rescued":false,"moves":5,"ms":2307.5283750000003}
{"from":"h1","to":"g1","rescued":true,"moves":6,"ms":2988.721542}
{"from":"h1","to":"h2","rescued":true,"moves":7,"ms":3683.571875}
{"from":"h1","to":"h3","rescued":true,"moves":8,"ms":4368.563292}
{"from":"d3","to":"f1","rescued":false,"moves":9,"ms":4402.369167}
{"from":"d3","to":"e2","rescued":true,"moves":10,"ms":5082.122958}
{"from":"d3","to":"c4","rescued":true,"moves":11,"ms":5858.240917}
{"from":"d3","to":"e4","rescued":true,"moves":12,"ms":6553.064582999999}
{"from":"d3","to":"b5","rescued":true,"moves":13,"ms":7201.475375}
{"from":"d3","to":"f5","rescued":true,"moves":14,"ms":7887.28625}
{"from":"d3","to":"g6","rescued":true,"moves":15,"ms":8538.964667}
{"from":"d3","to":"h7","rescued":true,"moves":16,"ms":9160.310542}
{"from":"a1","to":"a2","rescued":true,"moves":17,"ms":9870.822375}
{"from":"a1","to":"b1","rescued":true,"moves":18,"ms":10434.249625}
{"from":"c1","to":"b2","rescued":true,"moves":19,"ms":11129.8685}
{"from":"a5","to":"c4","rescued":true,"moves":20,"ms":11900.0505}
{"from":"a5","to":"c6","rescued":true,"moves":21,"ms":12610.74725}
{"from":"a5","to":"b7","rescued":true,"moves":22,"ms":13254.515207999999}
{"from":"a3","to":"a4","rescued":true,"moves":23,"ms":13944.745708}
{"from":"a3","to":"b4","rescued":true,"moves":24,"ms":14568.843625}
{"from":"c2","to":"c3","rescued":true,"moves":25,"ms":15294.643875}
{"from":"c2","to":"c4","rescued":true,"moves":26,"ms":16120.999749999999}
{"from":"e3","to":"e4","rescued":true,"moves":27,"ms":16814.317958000003}
{"from":"f4","to":"e5","rescued":true,"moves":28,"ms":17429.5615}
{"from":"f4","to":"f5","rescued":true,"moves":29,"ms":18084.567875}
{"from":"b1","to":"d2","rescued":true,"moves":30,"ms":18789.42525}
{"from":"b1","to":"a3","rescued":true,"moves":31,"ms":19476.015750000002}
{"from":"b1","to":"c3","rescued":true,"moves":32,"ms":20218.816083}
{"sentinel":"RESCUE_COMPLETION_DOMAIN_OK","moves":32,"rescued":29,"replies":32,"findings":0,"ms":20218.901333}
